// Jest Snapshot v1, https://goo.gl/fbAQLP

exports[`StateContext returns the state values and children 1`] = `
<h1>
  Mock child
</h1>
`;
